[PP+] player/info oliwakami failed (HTTP 500, code 400): lol server goes boooom
[osu analyze] 区块短评第 1 次未通过： [
  'top5 短评语义终审：分析对象 mrekk 的性别未知，不能擅自使用“他/她”',
  'top5 擅自猜测了目标玩家性别',
  'pplus 短评语义终审：把 PP+ 的 15 基准线误写成极限、上限或满值',
  'pplus 短评语义终审：Accuracy 为 14.58，没有超过 PP+ 的 15 基准线'
]
[osu analyze] 结论第 1 次未通过： [ '把未经证据支持的原因或状态写成了事实：堆出来', '把 PP+ 的 15 基准线误写成极限、上限或满值' ]
[osu analyze] 结论第 2 次未通过： [ 'Accuracy 的核准显示值为 14.58，不是 15.55' ]
[osu analyze] 结论第 3 次未通过： [ '分析对象 mrekk 的性别未知，不能擅自使用“他/她”', '把未经证据支持的原因或状态写成了事实：放松' ]
[osu analyze] 综合结论使用确定性安全版本。
[PP+] player/info oliwakami failed (HTTP 500, code 400): lol server goes boooom
[osu analyze] 区块短评第 1 次未通过： [ 'profile 短评语义终审：把未经证据支持的原因或状态写成了事实：运气' ]
[osu analyze] 结论第 1 次未通过： [ '把当前成绩构成写成了未经提供的偏好或感受：Flow 12.01 独一档，这已经不是偏好' ]
[PP+] player/info oliwakami failed (HTTP 500, code 400): lol server goes boooom
[osu analyze] 区块短评第 1 次未通过： [
  'top 短评语义终审：把未经证据支持的原因或状态写成了事实：手感',
  'mods 短评语义终审：包含简报外数字: 0.3',
  'pplus 短评语义终审：包含简报外数字: 0.15',
  'recent 短评语义终审：Recent 没有记录时不能把空白猜成休息、未游玩或现实状态',
  'pplus 把六维显示条扩写成了未经提供的具体操作能力',
  'mods 短评包含简报外数字: 0.3',
  'pplus 短评包含简报外数字: 0.15'
]
[osu analyze] 区块短评第 2 次未通过： [ 'top 短评遗漏关键分布：22/33 张低于 95%，必须明确指出当前结果尚未收稳' ]
[osu analyze] 结论第 1 次未通过： [ '把未经证据支持的原因或状态写成了事实：手感' ]
[osu analyze] 结论第 2 次未通过： [
  '分析对象 ahahhaha 的性别未知，不能擅自使用“他/她”',
  '擅自用中文数词换算了账号年龄',
  '当前只有 BP33，不能把稀疏早期样本写成成熟风格、明确方向或稳定底子'
]
