[PP+] player/info oliwakami failed (HTTP 500, code 400): lol server goes boooom
[osu analyze] 区块短评第 1 次未通过： [
  'profile 短评语义终审：把未经证据支持的原因或状态写成了事实：运气',
  'profile 短评语义终审：把总 Acc、游玩次数或注册时长拼成了未经核准的能力、经历或稀有度结论',
  'profile 短评语义终审：包含简报外数字: 32138',
  'top5 短评语义终审：包含简报外数字: 1857',
  'mods 短评语义终审：把当前成绩构成扩写成了玩家意志、尝试过程或未来偏好',
  'pplus 短评语义终审：包含简报外数字: 17',
  'classification 短评语义终审：分析对象 mrekk 的性别未知，不能擅自使用“他/她”',
  'classification 擅自猜测了目标玩家性别',
  'pplus 把六维显示条扩写成了未经提供的具体操作能力',
  'profile 短评包含简报外数字: 32138',
  'top5 短评包含简报外数字: 1857',
  'pplus 短评包含简报外数字: 17'
]
[osu analyze] 区块短评第 2 次未通过： [
  'profile 短评语义终审：把总 Acc、游玩次数或注册时长拼成了未经核准的能力、经历或稀有度结论',
  'mods 短评语义终审：把当前成绩构成扩写成了玩家意志、尝试过程或未来偏好',
  'pplus 短评语义终审：包含简报外数字: 17',
  'pplus 把六维显示条扩写成了未经提供的具体操作能力',
  'pplus 短评包含简报外数字: 17'
]
[osu analyze] 区块短评第 3 次未通过： [
  'mods 短评语义终审：把当前成绩构成扩写成了玩家意志、尝试过程或未来偏好',
  'pplus 短评语义终审：包含简报外数字: 17',
  'pplus 把六维显示条扩写成了未经提供的具体操作能力',
  'pplus 短评包含简报外数字: 17'
]
[osu analyze] 结论第 1 次未通过： [ '分析对象 mrekk 的性别未知，不能擅自使用“他/她”' ]
[osu analyze] 独立审查第 1 轮拒绝： conclusion[hard]=结论中“一个 #1 的近期样本长这样，反而让 BP 里那些 98% 以上的成绩更像亲手打出来的东西”将 Recent 与 BP 的差异解释为验证 BP 真实性的因果，超出允许的未知原因表述。
[PP+] player/info oliwakami failed (HTTP 500, code 400): lol server goes boooom
[osu analyze] 区块短评第 1 次未通过： [
  'profile 短评语义终审：把总 Acc、游玩次数或注册时长拼成了未经核准的能力、经历或稀有度结论',
  'profile 短评语义终审：包含简报外数字: 6000, 60000',
  'recent 短评语义终审：把未经证据支持的原因或状态写成了事实：认真打',
  'profile 短评包含简报外数字: 6000, 60000'
]
[osu analyze] 区块短评第 2 次未通过： [
  'profile 短评语义终审：把总 Acc、游玩次数或注册时长拼成了未经核准的能力、经历或稀有度结论',
  'profile 短评语义终审：包含简报外数字: 6000, 60000',
  'recent 短评语义终审：把未经证据支持的原因或状态写成了事实：手感',
  'profile 短评包含简报外数字: 6000, 60000'
]
[osu analyze] 区块短评第 3 次未通过： [
  'profile 短评语义终审：把总 Acc、游玩次数或注册时长拼成了未经核准的能力、经历或稀有度结论',
  'profile 短评语义终审：包含简报外数字: 6000, 60000',
  'profile 短评包含简报外数字: 6000, 60000'
]
[PP+] player/info oliwakami failed (HTTP 500, code 400): lol server goes boooom
[osu analyze] 区块短评第 1 次未通过： [
  'profile 短评语义终审：把未经证据支持的原因或状态写成了事实：认真在打',
  'top5 短评语义终审：BP5 中含 HR的实际数量为 3 张，不是 2 张',
  'mods 短评语义终审：把 0/33 张带 DT 的成绩夸写成了全部或几乎每张',
  'recent 短评语义终审：Recent 没有记录时不能把空白猜成休息、未游玩或现实状态',
  'classification 短评语义终审：当前只有 BP33，不能把稀疏早期样本写成成熟风格、明确方向或稳定底子',
  'top 短评遗漏关键分布：22/33 张低于 95%，必须明确指出当前结果尚未收稳'
]
[osu analyze] 区块短评第 2 次未通过： [
  'profile 短评语义终审：把未经证据支持的原因或状态写成了事实：攒出',
  'top5 短评语义终审：包含简报外数字: 90',
  'mods 短评语义终审：把 0/33 张带 DT 的成绩夸写成了全部或几乎每张',
  'recent 短评语义终审：Recent 没有记录时不能把空白猜成休息、未游玩或现实状态',
  'top5 短评包含简报外数字: 90'
]
[osu analyze] 区块短评第 3 次未通过： [
  'profile 短评语义终审：把未经证据支持的原因或状态写成了事实：攒出',
  'top5 短评语义终审：包含简报外数字: 90',
  'mods 短评语义终审：把 0/33 张带 DT 的成绩夸写成了全部或几乎每张',
  'recent 短评语义终审：Recent 没有记录时不能把空白猜成休息、未游玩或现实状态',
  'top5 短评包含简报外数字: 90'
]
[osu analyze] 结论第 1 次未通过： [ '把未经证据支持的原因或状态写成了事实：试手' ]
[osu analyze] 结论第 2 次未通过： [ '忽略了 22 张低于 95% 的 BP 成绩' ]
[osu analyze] 结论第 3 次未通过： [ '包含简报外数字: 80, 88' ]
[osu analyze] 独立审查第 1 轮拒绝： conclusion[hard]=结论缺少区块短评，仅罗列数据未对BP5中最干净的一张做局部亮点说明。
[osu analyze] 结论第 1 次未通过： [ '把未经证据支持的原因或状态写成了事实：故意' ]
[osu analyze] 独立审查第 2 轮拒绝： conclusion[hard]=结论中称玩家“才注册2个月”，但 verified_facts 明确账号年龄为距注册约 62 天，禁止由模型另行换算成年或月。
[osu analyze] 综合结论使用确定性安全版本。
