[PP+] player/info oliwakami failed (HTTP 500, code 400): lol server goes boooom
[PP+] player/info oliwakami failed (HTTP 500, code 400): lol server goes boooom
[osu analyze] 区块短评第 1 次未通过： [
  'profile 短评语义终审：分析对象 [SHK]Wuxin 的性别未知，不能擅自使用“他/她”',
  'profile 擅自猜测了目标玩家性别',
  'top 短评语义终审：BP 中 >=7★ 的核准数量为 70 张，不是 100 张',
  'top5 短评语义终审：把未经证据支持的原因或状态写成了事实：手感',
  'mods 短评语义终审：分析对象 [SHK]Wuxin 的性别未知，不能擅自使用“他/她”',
  'mods 擅自猜测了目标玩家性别',
  'pplus 短评语义终审：分析对象 [SHK]Wuxin 的性别未知，不能擅自使用“他/她”',
  'pplus 短评语义终审：stream 只有 87/100 张，不能写成 BP 全部或清一色都是该类型',
  'pplus 擅自猜测了目标玩家性别',
  'top5 短评编造了简报未提供的谱面内容或操作感受',
  'pplus 把当前显示较低的维度写成了确定能力弱项'
]
[osu analyze] 结论第 1 次未通过： [ '把当前 Mod 构成扩写成了玩家动机、习惯、胆量或已适应程度' ]
[osu analyze] 结论第 2 次未通过： [ '声称 BP 中没有 HR，但核准数据实际有 41 张' ]
[osu analyze] 结论第 3 次未通过： [ '把当前成绩构成扩写成了玩家意志、尝试过程或未来偏好', '声称 BP 中没有 HR，但核准数据实际有 41 张' ]
[osu analyze] 综合结论使用确定性安全版本。
[PP+] player/info oliwakami failed (HTTP 500, code 400): lol server goes boooom
[osu analyze] 区块短评第 1 次未通过： [
  'top 短评语义终审：把未经证据支持的原因或状态写成了事实：手感',
  'recent 短评语义终审：Recent 没有记录时不能把空白猜成休息、未游玩或现实状态'
]
[osu analyze] 区块短评第 2 次未通过： [ 'top 短评遗漏关键分布：22/33 张低于 95%，必须明确指出当前结果尚未收稳' ]
[osu analyze] 结论第 1 次未通过： [ '包含未经输入提供的设备、身体或 replay 机制：键盘' ]
