[PP+] player/info oliwakami failed (HTTP 500, code 400): lol server goes boooom
[osu analyze] 区块短评第 1 次未通过： [
  'profile 短评语义终审：把未经证据支持的原因或状态写成了事实：堆出来',
  'mods 短评语义终审：把当前成绩构成写成了未经提供的偏好或感受：DT像是点缀，但整个BP没有1张NM，这偏好',
  'classification 短评语义终审：分析对象 mrekk 的性别未知，不能擅自使用“他/她”',
  'classification 擅自猜测了目标玩家性别'
]
[osu analyze] 独立审查第 1 轮拒绝： recent[hard]=Recent 差异原因被写成'随便玩玩或者试别的图'，属于未经允许的动机猜测。
[osu analyze] 独立审查第 2 轮拒绝： conclusion[hard]=结论将 Recent 与 BP 的差异解释为“留着一手不完美的余裕”，把未知原因的样本差异确定化为账号特质。
[osu analyze] 综合结论使用确定性安全版本。
[PP+] player/info oliwakami failed (HTTP 500, code 400): lol server goes boooom
[osu analyze] 区块短评第 1 次未通过： [
  'top 短评语义终审：分析对象 [SHK]Wuxin 的性别未知，不能擅自使用“他/她”',
  'top 擅自猜测了目标玩家性别',
  'top5 短评语义终审：把未经证据支持的原因或状态写成了事实：手感',
  'mods 短评语义终审：分析对象 [SHK]Wuxin 的性别未知，不能擅自使用“他/她”',
  'mods 短评语义终审：把当前成绩构成写成了未经提供的偏好或感受：HDHR，HD 更是全覆盖，这已经不是偏好',
  'mods 擅自猜测了目标玩家性别',
  'classification 短评语义终审：分析对象 [SHK]Wuxin 的性别未知，不能擅自使用“他/她”',
  'classification 擅自猜测了目标玩家性别',
  'top5 短评编造了简报未提供的谱面内容或操作感受'
]
[osu analyze] 结论第 1 次未通过： [ '把未经证据支持的原因或状态写成了事实：手感', 'BP 中 >=7★ 的核准数量为 70 张，不是 100 张' ]
[osu analyze] 独立审查第 1 轮拒绝： recent[hard]=Recent 差异原因必须保持未知，却写了“可能是在试新东西吧”这一具体猜测。；conclusion[hard]=结论中“是在试新东西还是单纯波动”把 Recent 差异解释为具体动机，违反原因必须未知的规则。
[PP+] player/info oliwakami failed (HTTP 500, code 400): lol server goes boooom
[osu analyze] 区块短评第 1 次未通过： [
  'profile 短评语义终审：把未经证据支持的原因或状态写成了事实：认真打',
  'top5 短评语义终审：把未经证据支持的原因或状态写成了事实：手感',
  'mods 短评语义终审：包含简报外数字: 1.6',
  'recent 短评语义终审：擅自用中文数词换算了账号年龄',
  'recent 短评语义终审：Recent 没有记录时不能把空白猜成休息、未游玩或现实状态',
  'top5 短评编造了简报未提供的谱面内容或操作感受',
  'recent 短评挪用了账号档案字段',
  'mods 短评包含简报外数字: 1.6'
]
[osu analyze] 区块短评第 2 次未通过： [
  'recent 短评语义终审：擅自用中文数词换算了账号年龄',
  'recent 短评语义终审：Recent 没有记录时不能把空白猜成休息、未游玩或现实状态',
  'recent 短评挪用了账号档案字段'
]
[osu analyze] 区块短评第 3 次未通过： [ 'recent 短评语义终审：Recent 没有记录时不能把空白猜成休息、未游玩或现实状态' ]
[osu analyze] 独立审查第 1 轮拒绝： conclusion[hard]=结论使用第二人称“你”称呼未确认身份的玩家，且“对点按有直觉、体力还跟不上的早期苗子”将PP+相对高低直接解释为具体操作能力。
[osu analyze] 独立审查第 2 轮拒绝： conclusion[hard]=结论中“把那张 99% 的准度多复制几次再说”将单次成绩解释为可复制的永久能力，且“先别急着定型”与“只能算个苗头”暗示了未经验证的练习方向。
[osu analyze] 综合结论使用确定性安全版本。
