[PP+] player/info oliwakami failed (HTTP 500, code 400): lol server goes boooom
[osu analyze] profile 短评第 1 次未通过： [
  'profile 短评语义终审：分析对象 mrekk 未确认是发起者本人，不能使用第二人称',
  'profile 短评语义终审：把未经证据支持的原因或状态写成了事实：堆出来',
  'profile 短评语义终审：把账号体量、游玩次数或注册时长与总 Acc 拼成了未经核准的评价关系',
  'profile 把未确认的目标玩家写成了发起者本人'
]
[osu analyze] profile 短评第 2 次未通过： [ 'profile 短评语义终审：把当前账号快照或游玩次数扩写成了长期经历、维持过程或点击次数' ]
[osu analyze] profile 短评第 3 次未通过： [ 'profile 短评语义终审：把当前账号快照或游玩次数扩写成了长期经历、维持过程或点击次数' ]
[osu analyze] classification 短评第 1 次未通过： [
  'classification 短评语义终审：分析对象 mrekk 的性别未知，不能擅自使用“他/她”',
  'classification 短评语义终审：把当前成绩构成扩写成了玩家意志、尝试过程或未来偏好',
  'classification 擅自猜测了目标玩家性别'
]
[osu analyze] recent 短评第 1 次未通过： [
  'recent 短评语义终审：分析对象 mrekk 的性别未知，不能擅自使用“他/她”',
  'recent 短评语义终审：包含简报外数字: 35',
  'recent 擅自猜测了目标玩家性别',
  'recent 短评包含简报外数字: 35'
]
[PP+] player/info oliwakami failed (HTTP 500, code 400): lol server goes boooom
[osu analyze] profile 短评第 1 次未通过： [
  'profile 短评语义终审：把未经证据支持的原因或状态写成了事实：堆出来',
  'profile 短评语义终审：把总 Acc、游玩次数或注册时长拼成了未经核准的能力、经历或稀有度结论',
  'profile 短评语义终审：包含简报外数字: 6000, 60000',
  'profile 短评包含简报外数字: 6000, 60000'
]
[osu analyze] mods 短评第 1 次未通过： [ 'mods 短评语义终审：把当前成绩构成扩写成了玩家意志、尝试过程或未来偏好' ]
[osu analyze] top 短评第 1 次未通过： [ 'top 短评语义终审：把未经证据支持的原因或状态写成了事实：手感' ]
[osu analyze] profile 短评第 2 次未通过： [
  'profile 短评语义终审：把总 Acc、游玩次数或注册时长拼成了未经核准的能力、经历或稀有度结论',
  'profile 短评语义终审：包含简报外数字: 60000',
  'profile 短评包含简报外数字: 60000'
]
[osu analyze] top 短评第 2 次未通过： [ 'top 短评语义终审：BP 中 >=7★ 的核准数量为 70 张，不是 100 张' ]
[osu analyze] profile 短评第 3 次未通过： [
  'profile 短评语义终审：把总 Acc、游玩次数或注册时长拼成了未经核准的能力、经历或稀有度结论',
  'profile 短评语义终审：包含简报外数字: 60000',
  'profile 短评包含简报外数字: 60000'
]
[osu analyze] top 短评第 3 次未通过： [ 'top 短评语义终审：BP 中 >=7★ 的核准数量为 70 张，不是 100 张' ]
[osu analyze] recent 短评第 1 次未通过： [ 'recent 短评语义终审：把未经证据支持的原因或状态写成了事实：手感' ]
[osu analyze] classification 短评第 1 次未通过： [
  'classification 短评语义终审：分析对象 [SHK]Wuxin 的性别未知，不能擅自使用“他/她”',
  'classification 短评语义终审：把未经证据支持的原因或状态写成了事实：手感',
  'classification 擅自猜测了目标玩家性别'
]
[osu analyze] classification 短评第 2 次未通过： [ 'classification 短评语义终审：把当前成绩构成扩写成了玩家意志、尝试过程或未来偏好' ]
[osu analyze] 结论第 1 次未通过： [ '把 82/100 张达到 98% 以上夸写成了全体成绩' ]
[osu analyze] 结论第 2 次未通过： [ '把 82/100 张达到 98% 以上夸写成了全体成绩' ]
[osu analyze] 结论第 3 次未通过： [ '把 82/100 张达到 98% 以上夸写成了全体成绩' ]
[osu analyze] 综合结论使用确定性安全版本。
[PP+] player/info oliwakami failed (HTTP 500, code 400): lol server goes boooom
[osu analyze] profile 短评第 1 次未通过： [
  'profile 短评语义终审：把未经证据支持的原因或状态写成了事实：认真打',
  'profile 短评语义终审：把账号体量、游玩次数或注册时长与总 Acc 拼成了未经核准的评价关系'
]
[osu analyze] top5 短评第 1 次未通过： [ 'top5 短评语义终审：把未经证据支持的原因或状态写成了事实：啃下来' ]
[osu analyze] profile 短评第 2 次未通过： [ 'profile 短评语义终审：包含简报外数字: 23', 'profile 短评包含简报外数字: 23' ]
[osu analyze] profile 短评第 3 次未通过： [ 'profile 短评语义终审：把账号体量、游玩次数或注册时长与总 Acc 拼成了未经核准的评价关系' ]
[osu analyze] recent 短评第 1 次未通过： [ 'recent 短评语义终审：Recent 没有记录时不能把空白猜成休息、未游玩或现实状态' ]
[osu analyze] classification 短评第 1 次未通过： [ 'classification 短评语义终审：alt 只有 28/33 张，不能写成 BP 全部或清一色都是该类型' ]
[osu analyze] recent 短评第 2 次未通过： [ 'recent 短评语义终审：Recent 没有记录时不能把空白猜成休息、未游玩或现实状态' ]
[osu analyze] recent 短评第 3 次未通过： [ 'recent 短评语义终审：Recent 没有记录时不能把空白猜成休息、未游玩或现实状态' ]
[osu analyze] 独立审查第 1 轮拒绝： top5[hard]=把 BP5 中 HR 成绩的 Acc 代价写成“可能 HR 还在适应期”，将快照差异解释为练习状态，且“可能”未带明确保留与承认未知。
[osu analyze] 独立审查第 2 轮拒绝： top5[hard]=#2 与 #3 相邻差为 3.0pp，但报告写成 #3 与 #4 的 0.0pp 并列，且把 HR 的 Acc 代价写成可确认的因果解释。；mods[hard]=BP 中 DT/NC 包含统计为 0 张，报告写成“DT 1张没碰”属事实错误。
[osu analyze] 独立审查第 3 轮拒绝： conclusion[hard]=结论段使用第二人称“这位 ahahhaha”且未确认其为发起者本人，违反禁止第二人称的规定。
[osu analyze] 综合结论使用确定性安全版本。
[PP+] player/info oliwakami failed (HTTP 500, code 400): lol server goes boooom
[osu analyze] top 短评第 1 次未通过： [ 'top 短评语义终审：分析对象 mrekk 未确认是发起者本人，不能使用第二人称', 'top 把未确认的目标玩家写成了发起者本人' ]
[osu analyze] profile 短评第 1 次未通过： [
  'profile 短评语义终审：分析对象 mrekk 未确认是发起者本人，不能使用第二人称',
  'profile 短评语义终审：把未经证据支持的原因或状态写成了事实：堆出来',
  'profile 把未确认的目标玩家写成了发起者本人'
]
[osu analyze] top5 短评第 1 次未通过： [ 'top5 短评编造了简报未提供的谱面内容或操作感受' ]
[osu analyze] top5 短评第 2 次未通过： [ 'top5 短评编造了简报未提供的谱面内容或操作感受' ]
[osu analyze] top5 短评第 3 次未通过： [ 'top5 短评编造了简报未提供的谱面内容或操作感受' ]
[osu analyze] recent 短评第 1 次未通过： [
  'recent 短评语义终审：分析对象 mrekk 未确认是发起者本人，不能使用第二人称',
  'recent 把未确认的目标玩家写成了发起者本人'
]
[osu analyze] classification 短评第 1 次未通过： [
  'classification 短评语义终审：分析对象 mrekk 的性别未知，不能擅自使用“他/她”',
  'classification 短评语义终审：把未经证据支持的原因或状态写成了事实：刻意',
  'classification 擅自猜测了目标玩家性别'
]
[osu analyze] 独立审查第 1 轮拒绝： recent[hard]=Recent 差异原因未知，却写成‘像是在玩些更轻松的东西’并归因于人类玩法，构成动机猜测。
[PP+] player/info oliwakami failed (HTTP 500, code 400): lol server goes boooom
[osu analyze] profile 短评第 1 次未通过： [
  'profile 短评语义终审：分析对象 cryshina 未确认是发起者本人，不能使用第二人称',
  'profile 短评语义终审：把未经证据支持的原因或状态写成了事实：堆出来',
  'profile 短评语义终审：把账号体量、游玩次数或注册时长与总 Acc 拼成了未经核准的评价关系',
  'profile 短评语义终审：包含简报外数字: 210',
  'profile 把未确认的目标玩家写成了发起者本人',
  'profile 短评包含简报外数字: 210'
]
[osu analyze] mods 短评第 1 次未通过： [ 'mods 短评语义终审：把未经证据支持的原因或状态写成了事实：堆出来' ]
[osu analyze] top5 短评第 1 次未通过： [ 'top5 短评过长', 'top5 短评语义终审：把未经证据支持的原因或状态写成了事实：刻意' ]
[osu analyze] profile 短评第 2 次未通过： [
  'profile 短评语义终审：把未经证据支持的原因或状态写成了事实：运气',
  'profile 短评语义终审：把账号体量、游玩次数或注册时长与总 Acc 拼成了未经核准的评价关系',
  'profile 短评语义终审：包含简报外数字: 30000',
  'profile 短评包含简报外数字: 30000'
]
[osu analyze] profile 短评第 3 次未通过： [ 'profile 短评语义终审：把账号体量、游玩次数或注册时长与总 Acc 拼成了未经核准的评价关系' ]
[osu analyze] classification 短评第 1 次未通过： [
  'classification 短评语义终审：分析对象 cryshina 的性别未知，不能擅自使用“他/她”',
  'classification 擅自猜测了目标玩家性别'
]
[osu analyze] recent 短评第 1 次未通过： [ 'recent 短评语义终审：包含简报外数字: 30000', 'recent 短评包含简报外数字: 30000' ]
[osu analyze] pplus 短评第 1 次未通过： [ 'pplus 短评语义终审：把未经证据支持的原因或状态写成了事实：刻意' ]
[osu analyze] classification 短评第 2 次未通过： [
  'classification 短评语义终审：分析对象 cryshina 的性别未知，不能擅自使用“他/她”',
  'classification 擅自猜测了目标玩家性别'
]
[osu analyze] 结论第 1 次未通过： [ '把未经证据支持的原因或状态写成了事实：运气' ]
[PP+] player/info oliwakami failed (HTTP 500, code 400): lol server goes boooom
[osu analyze] profile 短评第 1 次未通过： [
  'profile 短评语义终审：把未经证据支持的原因或状态写成了事实：手感',
  'profile 短评语义终审：把当前账号快照或游玩次数扩写成了长期经历、维持过程或点击次数',
  'profile 短评语义终审：包含简报外数字: 10000, 51',
  'profile 短评包含简报外数字: 10000, 51'
]
[osu analyze] top 短评第 1 次未通过： [
  'top 短评语义终审：分析对象 [SHK]oliwakami 未确认是发起者本人，不能使用第二人称',
  'top 短评语义终审：把未经证据支持的原因或状态写成了事实：挑软柿子',
  'top 短评语义终审：把当前星数或成绩分布扩写成了玩家选图动机',
  'top 短评语义终审：BP 中 >=7★ 的核准数量为 97 张，不是 100 张',
  'top 把未确认的目标玩家写成了发起者本人'
]
