[onebot] 无法读取引用消息，保留本地回退内容: OneBot HTTP 请求超时 12 秒
[onebot] 无法读取引用消息，保留本地回退内容: OneBot HTTP 请求超时 12 秒
[onebot] 无法读取引用消息，保留本地回退内容: OneBot HTTP 请求超时 12 秒
WARNING: option --ssl-verify-server-cert is disabled, because of an insecure passwordless login.
WARNING: option --ssl-verify-server-cert is disabled, because of an insecure passwordless login.
[player-skill-card] image unavailable after retries: {
  url: 'https://assets.ppy.sh/user-profile-covers/28319612/b1f00d54dcdcc6f07274c71321a6cbfb5aadae93d041648fb8e0e0165474e519.png',
  fallbackUsed: false,
  error: 'IMAGE_TOO_LARGE'
}
WARNING: option --ssl-verify-server-cert is disabled, because of an insecure passwordless login.
WARNING: option --ssl-verify-server-cert is disabled, because of an insecure passwordless login.
[onebot] 无法读取引用消息，保留本地回退内容: OneBot HTTP 请求超时 12 秒
[onebot] 无法读取引用消息，保留本地回退内容: OneBot HTTP 请求超时 12 秒
[onebot] 无法读取引用消息，保留本地回退内容: OneBot HTTP 请求超时 12 秒
[onebot] 无法读取引用消息，保留本地回退内容: OneBot HTTP 请求超时 12 秒
[onebot] 无法读取引用消息，保留本地回退内容: OneBot HTTP 请求超时 12 秒
[onebot] 无法读取引用消息，保留本地回退内容: OneBot HTTP 请求超时 12 秒
[onebot] 无法读取引用消息，保留本地回退内容: OneBot HTTP 请求超时 12 秒
[onebot] 无法读取引用消息，保留本地回退内容: OneBot HTTP 请求超时 12 秒
[onebot] 无法读取引用消息，保留本地回退内容: OneBot HTTP 请求超时 12 秒
[onebot] 无法读取引用消息，保留本地回退内容: OneBot HTTP 请求超时 12 秒
[onebot] 无法读取引用消息，保留本地回退内容: OneBot HTTP 请求超时 12 秒
[onebot] 无法读取引用消息，保留本地回退内容: OneBot HTTP 请求超时 12 秒
[onebot] 无法读取引用消息，保留本地回退内容: OneBot HTTP 请求超时 12 秒
