WARNING: option --ssl-verify-server-cert is disabled, because of an insecure passwordless login.
WARNING: option --ssl-verify-server-cert is disabled, because of an insecure passwordless login.
WARNING: option --ssl-verify-server-cert is disabled, because of an insecure passwordless login.
WARNING: option --ssl-verify-server-cert is disabled, because of an insecure passwordless login.
WARNING: option --ssl-verify-server-cert is disabled, because of an insecure passwordless login.
WARNING: option --ssl-verify-server-cert is disabled, because of an insecure passwordless login.
[PP+] player/info oliwakami failed (HTTP 500, code 400): lol server goes boooom
[osu analyze] 区块短评第 1 次未通过： [
  'profile 短评语义终审：把核准游玩次数压缩成了“万/千次”约数',
  'top 短评语义终审：把核准数量改写成了无法核验的“一半”比例'
]
[PP+] player/info oliwakami failed (HTTP 500, code 400): lol server goes boooom
[osu analyze] 区块短评第 1 次未通过： [
  'profile 短评语义终审：包含简报外数字: 20000',
  'top5 短评语义终审：把 94/100 张带 DT 的成绩夸写成了全部或几乎每张',
  'mods 生硬翻译或错误命名了 HD',
  'mods 短评语义终审：生硬翻译或错误命名了 HD',
  'profile 短评包含简报外数字: 20000'
]
[osu analyze] 硬错误修复后仍未通过： [
  'top5 短评语义终审：把 94/100 张带 DT 的成绩夸写成了全部或几乎每张',
  'mods 生硬翻译或错误命名了 HD',
  'mods 短评语义终审：生硬翻译或错误命名了 HD'
]
[osu analyze] 区块短评第 2 次未通过： [
  'top5 短评语义终审：把 94/100 张带 DT 的成绩夸写成了全部或几乎每张',
  'mods 短评语义终审：精确 Mod 组合 DT 的核准数量为 1 张，不是 94 张',
  'top5 短评编造了简报未提供的谱面内容或操作感受'
]
[osu analyze] 硬错误修复后仍未通过： [
  'top5 短评语义终审：把 94/100 张带 DT 的成绩夸写成了全部或几乎每张',
  'top5 短评编造了简报未提供的谱面内容或操作感受'
]
[osu analyze] 区块短评第 3 次未通过： [
  'mods 生硬翻译或错误命名了 HD',
  'mods 短评语义终审：生硬翻译或错误命名了 HD',
  'profile 短评：账号档案应比其他栏目更长，重新展开这一栏'
]
[osu analyze] 结论第 1 次未通过： [ 'Mod 语义错误：把成绩上的 Mod 写成了谱面类型：HDDT 图' ]
WARNING: option --ssl-verify-server-cert is disabled, because of an insecure passwordless login.
WARNING: option --ssl-verify-server-cert is disabled, because of an insecure passwordless login.
[PP+] player/info oliwakami failed (HTTP 500, code 400): lol server goes boooom
[osu analyze] 独立审查发现硬错误，执行局部确定性降级： conclusion[hard]=结论中称“BP5 里4张 NM 加1张 DT”，但 BP5 实际为 #1-#3 NM、#4 NF、#5 DT，NF 被误写为 NM。
[osu analyze] 综合结论使用确定性安全版本。
[PP+] player/info oliwakami failed (HTTP 500, code 400): lol server goes boooom
[PP+] player/info oliwakami failed (HTTP 500, code 400): lol server goes boooom
[osu analyze] 区块短评第 1 次未通过： [ 'top 短评语义终审：忽略了 40 张低于 95% 的 BP 成绩', 'pplus 短评语义终审：自行计算了简报未提供的倍数关系' ]
[osu analyze] 硬错误修复后仍未通过： [ 'top 短评语义终审：忽略了 40 张低于 95% 的 BP 成绩', 'pplus 短评语义终审：自行计算了简报未提供的倍数关系' ]
